// Jest Snapshot v1, https://goo.gl/fbAQLP

exports[`renders without crashing 1`] = `
<div
  className="Tab-module_Tab__3boJB false undefined"
  onClick={[Function]}
>
  test
</div>
`;
