// Jest Snapshot v1, https://goo.gl/fbAQLP

exports[`renders without crashing 1`] = `
<Fragment>
  <div
    className="Tabs flex"
  >
    <Component
      title="test"
    />
    <Component
      title="Test 2"
    />
  </div>
  <div
    className="Tabs-Content"
  />
</Fragment>
`;
