// Jest Snapshot v1, https://goo.gl/fbAQLP

exports[`renders without crashing 1`] = `
<UserChip
  user={
    Object {
      "avatar": Object {
        "small_url": "test",
      },
      "id": "1",
      "name": "Test Guy",
    }
  }
>
  <Chip
    backgroundColor="hsl(0, 0%, 96%)"
    className="mb-1"
    dark={true}
    key="1"
    size={12}
    style={
      Object {
        "marginRight": "4px",
        "paddingBottom": "4px",
        "paddingTop": "4px",
      }
    }
  >
    <div
      className="CohubChip  mb-1"
      style={
        Object {
          "backgroundColor": "hsl(0, 0%, 96%)",
          "borderRadius": "361px",
          "display": "inline-block",
          "marginRight": "4px",
          "padding": "6px 12px",
          "paddingBottom": "4px",
          "paddingTop": "4px",
        }
      }
    >
      <div
        className="flex justify-center items-center h-100"
        style={
          Object {
            "cursor": "inherit",
          }
        }
      >
        <Component>
          <span
            className=""
            data-qa="text"
            style={
              Object {
                "color": "hsl(0, 2%, 22%)",
                "fontFamily": "Inter",
                "fontSize": 12,
                "fontWeight": 400,
                "textAlign": "initial",
                "textTransform": "initial",
              }
            }
          >
            <div
              className="flex items-center"
            >
              <Avatar
                className="mr-05"
                size={20}
                src="test"
              >
                <div
                  className="Avatar mr-05"
                  style={
                    Object {
                      "height": 20,
                      "width": 20,
                    }
                  }
                >
                  <img
                    src="test"
                    style={
                      Object {
                        "alignItems": "center",
                        "backgroundColor": "var(--bf-green)",
                        "borderRadius": "50%",
                        "display": "flex",
                        "height": "100%",
                        "justifyContent": "center",
                        "width": "100%",
                      }
                    }
                  />
                </div>
              </Avatar>
              <Component>
                <span
                  className=""
                  data-qa="text"
                  style={
                    Object {
                      "color": "hsl(0, 2%, 22%)",
                      "fontFamily": "Inter",
                      "fontSize": 12,
                      "fontWeight": 400,
                      "textAlign": "initial",
                      "textTransform": "initial",
                    }
                  }
                >
                  Test Guy
                </span>
              </Component>
            </div>
          </span>
        </Component>
      </div>
    </div>
  </Chip>
</UserChip>
`;
