// Jest Snapshot v1, https://goo.gl/fbAQLP

exports[`Horizontal renders without crashing 1`] = `
<Horizontal
  title="test"
>
  <div
    className="Horizontal-module_CardHorizontal__2b_IU undefined"
    style={
      Object {
        "boxShadow": "0px -1px 1px rgba(0, 0, 0, 0.03), 0px 1px 1px rgba(0, 0, 0, 0.14)",
        "width": 360,
      }
    }
  >
    <div
      className="flex"
    >
      <div
        className="flex ml-1 w-100"
      >
        <div
          className="ml-1 w-100"
        >
          <Component
            block={true}
          >
            <Text
              style={
                Array [
                  Object {
                    "fontSize": 16,
                  },
                  undefined,
                  Object {
                    "fontWeight": "400",
                  },
                  Object {
                    "color": "hsl(0, 2%, 22%)",
                  },
                  Object {
                    "fontFamily": "Helvetica",
                  },
                  Object {
                    "display": "flex",
                  },
                ]
              }
            >
              <div
                className="css-text-901oao"
                dir="auto"
                style={
                  Object {
                    "color": "rgba(57,55,55,1.00)",
                    "display": "flex",
                    "fontFamily": "Helvetica",
                    "fontSize": "16px",
                    "fontWeight": "400",
                  }
                }
              >
                test
              </div>
            </Text>
          </Component>
          <Typography
            block={true}
          >
            <Component
              block={true}
            />
          </Typography>
        </div>
      </div>
    </div>
  </div>
</Horizontal>
`;
