// Jest Snapshot v1, https://goo.gl/fbAQLP

exports[`Vertical renders without crashing 1`] = `
<Vertical
  title="test"
>
  <div
    className="Vertical-module_CardVertical__elna1 undefined pb-1"
    style={
      Object {
        "boxShadow": "0px -1px 1px rgba(0, 0, 0, 0.03), 0px 1px 1px rgba(0, 0, 0, 0.14)",
        "width": "240px",
      }
    }
  >
    <div
      className="m-auto block"
    />
    <div
      className="mx-1 mt-05"
    >
      <Component
        block={true}
        className=""
      >
        <Text
          style={
            Array [
              Object {
                "fontSize": 16,
              },
              undefined,
              Object {
                "fontWeight": "400",
              },
              Object {
                "color": "hsl(0, 2%, 22%)",
              },
              Object {
                "fontFamily": "Helvetica",
              },
              Object {
                "display": "flex",
              },
            ]
          }
        >
          <div
            className="css-text-901oao"
            dir="auto"
            style={
              Object {
                "color": "rgba(57,55,55,1.00)",
                "display": "flex",
                "fontFamily": "Helvetica",
                "fontSize": "16px",
                "fontWeight": "400",
              }
            }
          >
            test
          </div>
        </Text>
      </Component>
      <Component
        block={true}
        className=" mt-025"
      />
    </div>
  </div>
</Vertical>
`;
