// Jest Snapshot v1, https://goo.gl/fbAQLP

exports[`Ghost renders without crashing 1`] = `
<Ghost>
  <Outline
    backgroundColor="hsl(0, 2%, 12%)"
    color="hsl(0, 0%, 98%)"
  >
    <OutlineButtonBase
      backgroundColor="hsl(0, 2%, 12%)"
      color="hsl(0, 0%, 98%)"
    >
      <Base
        backgroundColor="hsl(0, 2%, 12%)"
        raised={false}
        style={
          Object {
            "border": ".75px solid hsl(0, 0%, 98%)",
            "color": "hsl(0, 0%, 98%)",
          }
        }
      >
        <button
          className="CohubButton "
          style={
            Object {
              "backgroundColor": "hsl(0, 2%, 12%)",
              "border": ".75px solid hsl(0, 0%, 98%)",
              "boxShadow": undefined,
              "color": "hsl(0, 0%, 98%)",
            }
          }
        >
          <div
            className="button-text relative flex items-center justify-center"
          >
            <Component
              color="hsl(0, 0%, 98%)"
              style={
                Object {
                  "opacity": 1,
                }
              }
              uppercase={true}
            >
              <Text
                style={
                  Array [
                    Object {
                      "fontSize": 12,
                    },
                    Object {
                      "opacity": 1,
                    },
                    Object {
                      "fontWeight": "400",
                    },
                    Object {
                      "color": "hsl(0, 0%, 98%)",
                    },
                    Object {
                      "fontFamily": "Helvetica",
                    },
                    Object {
                      "textTransform": "uppercase",
                    },
                  ]
                }
              >
                <div
                  className="css-text-901oao"
                  dir="auto"
                  style={
                    Object {
                      "color": "rgba(250,250,250,1.00)",
                      "fontFamily": "Helvetica",
                      "fontSize": "12px",
                      "fontWeight": "400",
                      "opacity": 1,
                      "textTransform": "uppercase",
                    }
                  }
                >
                  <div
                    className="flex items-center"
                    style={
                      Object {
                        "flexDirection": "row",
                      }
                    }
                  >
                    <span
                      style={
                        Object {
                          "marginLeft": "",
                          "marginRight": "",
                        }
                      }
                    >
                      push me
                    </span>
                  </div>
                </div>
              </Text>
            </Component>
          </div>
        </button>
      </Base>
    </OutlineButtonBase>
  </Outline>
</Ghost>
`;
