// Jest Snapshot v1, https://goo.gl/fbAQLP

exports[`Outline Button renders without crashing 1`] = `
<Outline>
  <OutlineButtonBase>
    <Base
      backgroundColor="hsl(0, 0%, 100%)"
      raised={false}
      style={
        Object {
          "border": ".75px solid hsl(0, 3%, 7%)",
          "color": "hsl(0, 3%, 7%)",
        }
      }
    >
      <button
        className="CohubButton "
        style={
          Object {
            "backgroundColor": "hsl(0, 0%, 100%)",
            "border": ".75px solid hsl(0, 3%, 7%)",
            "boxShadow": undefined,
            "color": "hsl(0, 3%, 7%)",
          }
        }
      >
        <div
          className="button-text relative flex items-center justify-center"
        >
          <Component
            color="hsl(0, 3%, 7%)"
            style={
              Object {
                "opacity": 1,
              }
            }
            uppercase={true}
          >
            <Text
              style={
                Array [
                  Object {
                    "fontSize": 12,
                  },
                  Object {
                    "opacity": 1,
                  },
                  Object {
                    "fontWeight": "400",
                  },
                  Object {
                    "color": "hsl(0, 3%, 7%)",
                  },
                  Object {
                    "fontFamily": "Helvetica",
                  },
                  Object {
                    "textTransform": "uppercase",
                  },
                ]
              }
            >
              <div
                className="css-text-901oao"
                dir="auto"
                style={
                  Object {
                    "color": "rgba(18,17,17,1.00)",
                    "fontFamily": "Helvetica",
                    "fontSize": "12px",
                    "fontWeight": "400",
                    "opacity": 1,
                    "textTransform": "uppercase",
                  }
                }
              >
                <div
                  className="flex items-center"
                  style={
                    Object {
                      "flexDirection": "row",
                    }
                  }
                >
                  <span
                    style={
                      Object {
                        "marginLeft": "",
                        "marginRight": "",
                      }
                    }
                  >
                    push me
                  </span>
                </div>
              </div>
            </Text>
          </Component>
        </div>
      </button>
    </Base>
  </OutlineButtonBase>
</Outline>
`;
