// Jest Snapshot v1, https://goo.gl/fbAQLP

exports[`Split renders without crashing 1`] = `
<SplitButton
  labels={
    Array [
      "one",
      "two",
    ]
  }
  onChange={[Function]}
  selectedIndex={1}
>
  <div
    style={
      Object {
        "backgroundColor": "hsl(0, 0%, 96%)",
        "borderRadius": "4px",
        "display": "inline-grid",
        "gridTemplateColumns": "repeat(2, 1fr)",
        "padding": "0.5rem",
      }
    }
  >
    <Segment
      backgroundColor="hsl(0, 0%, 96%)"
      color="hsl(0, 2%, 88%)"
      key="one"
      onClick={[Function]}
      selected={false}
    >
      <button
        className="Segment-module_SplitButtonSegment__ArSv1"
        onClick={[Function]}
        style={
          Object {
            "backgroundColor": "hsl(0, 0%, 96%)",
            "border": "none",
            "borderRadius": "4px",
            "cursor": "pointer",
            "filter": "none",
            "fontFamily": "Akkurat-Mono",
            "fontWeight": "lighter",
            "minWidth": 75,
            "outline": "none",
            "overflow": "hidden",
            "padding": "1em",
            "transition": "all 65ms ease-in-out",
          }
        }
      >
        <Typography
          color="hsl(356, 3%, 59%)"
        >
          <Component
            color="hsl(356, 3%, 59%)"
          >
            <Text
              style={
                Array [
                  Object {
                    "fontSize": 14,
                  },
                  undefined,
                  Object {
                    "fontWeight": "400",
                  },
                  Object {
                    "color": "hsl(356, 3%, 59%)",
                  },
                  Object {
                    "fontFamily": "Helvetica",
                  },
                ]
              }
            >
              <div
                className="css-text-901oao"
                dir="auto"
                style={
                  Object {
                    "color": "rgba(154,147,148,1.00)",
                    "fontFamily": "Helvetica",
                    "fontSize": "14px",
                    "fontWeight": "400",
                  }
                }
              >
                one
              </div>
            </Text>
          </Component>
        </Typography>
      </button>
    </Segment>
    <Segment
      backgroundColor="hsl(0, 0%, 96%)"
      color="hsl(0, 2%, 88%)"
      key="two"
      onClick={[Function]}
      selected={true}
    >
      <button
        className="Segment-module_SplitButtonSegment__ArSv1"
        onClick={[Function]}
        style={
          Object {
            "backgroundColor": "hsl(0, 2%, 88%)",
            "border": "none",
            "borderRadius": "4px",
            "cursor": "pointer",
            "filter": "none",
            "fontFamily": "Akkurat-Mono",
            "fontWeight": "lighter",
            "minWidth": 75,
            "outline": "none",
            "overflow": "hidden",
            "padding": "1em",
            "transition": "all 65ms ease-in-out",
          }
        }
      >
        <Typography
          color="hsl(212, 14%, 35%)"
        >
          <Component
            color="hsl(212, 14%, 35%)"
          >
            <Text
              style={
                Array [
                  Object {
                    "fontSize": 14,
                  },
                  undefined,
                  Object {
                    "fontWeight": "400",
                  },
                  Object {
                    "color": "hsl(212, 14%, 35%)",
                  },
                  Object {
                    "fontFamily": "Helvetica",
                  },
                ]
              }
            >
              <div
                className="css-text-901oao"
                dir="auto"
                style={
                  Object {
                    "color": "rgba(77,88,102,1.00)",
                    "fontFamily": "Helvetica",
                    "fontSize": "14px",
                    "fontWeight": "400",
                  }
                }
              >
                two
              </div>
            </Text>
          </Component>
        </Typography>
      </button>
    </Segment>
  </div>
</SplitButton>
`;
