// Jest Snapshot v1, https://goo.gl/fbAQLP

exports[`Text renders without crashing 1`] = `
<Text
  color="hsl(212, 14%, 35%)"
  fontSize={12}
>
  <Blank
    className=" p-05"
    style={
      Object {
        "display": undefined,
      }
    }
  >
    <button
      className="Blank-module_ButtonBlank__2u_7K  p-05"
      style={
        Object {
          "display": undefined,
        }
      }
    >
      <Typography
        style={
          Object {
            "color": undefined,
            "fontSize": undefined,
          }
        }
      >
        <Component
          style={
            Object {
              "color": undefined,
              "fontSize": undefined,
            }
          }
        >
          <Text
            style={
              Array [
                Object {
                  "fontSize": 14,
                },
                Object {
                  "color": undefined,
                  "fontSize": undefined,
                },
                Object {
                  "fontWeight": "400",
                },
                Object {
                  "color": "hsl(0, 2%, 22%)",
                },
                Object {
                  "fontFamily": "Helvetica",
                },
              ]
            }
          >
            <div
              className="css-text-901oao"
              dir="auto"
              style={
                Object {
                  "color": "rgba(57,55,55,1.00)",
                  "fontFamily": "Helvetica",
                  "fontWeight": "400",
                }
              }
            >
              <Typography
                color="hsl(212, 14%, 35%)"
                kerning={0.07}
                style={
                  Array [
                    Object {
                      "fontSize": 12,
                    },
                    undefined,
                  ]
                }
                uppercase={true}
                weight="500"
              >
                <Component
                  color="hsl(212, 14%, 35%)"
                  kerning={0.07}
                  style={
                    Array [
                      Object {
                        "fontSize": 12,
                      },
                      undefined,
                    ]
                  }
                  uppercase={true}
                  weight="500"
                >
                  <Text
                    style={
                      Array [
                        Object {
                          "fontSize": 14,
                        },
                        Array [
                          Object {
                            "fontSize": 12,
                          },
                          undefined,
                        ],
                        Object {
                          "fontWeight": "500",
                        },
                        Object {
                          "color": "hsl(212, 14%, 35%)",
                        },
                        Object {
                          "fontFamily": "Helvetica",
                        },
                        Object {
                          "letterSpacing": 1.12,
                        },
                        Object {
                          "textTransform": "uppercase",
                        },
                      ]
                    }
                  >
                    <span
                      className="css-text-901oao css-textHasAncestor-16my406"
                      dir="auto"
                      style={
                        Object {
                          "color": "rgba(77,88,102,1.00)",
                          "fontFamily": "Helvetica",
                          "fontSize": "12px",
                          "fontWeight": "500",
                          "letterSpacing": "1.12px",
                          "textTransform": "uppercase",
                        }
                      }
                    >
                      push me
                    </span>
                  </Text>
                </Component>
              </Typography>
            </div>
          </Text>
        </Component>
      </Typography>
    </button>
  </Blank>
</Text>
`;
