// Jest Snapshot v1, https://goo.gl/fbAQLP

exports[`Muted renders without crashing 1`] = `
<Base
  animated={true}
  styled={true}
  to="/custom/path"
/>
`;
