// Jest Snapshot v1, https://goo.gl/fbAQLP

exports[`renders without crashing 1`] = `
<Expander
  expandElement={
    <Typography
      muted={true}
    >
      More
    </Typography>
  }
  labelPosition="center"
>
  <div
    className="flex items-center justify-center pointer w-100 mb-05"
    onClick={[Function]}
  >
    <Typography
      muted={true}
    >
      <Component
        muted={true}
      >
        <Text
          style={
            Array [
              Object {
                "fontSize": 14,
              },
              undefined,
              Object {
                "fontWeight": "400",
              },
              Object {
                "color": "hsl(356, 3%, 59%)",
              },
              Object {
                "fontFamily": "Helvetica",
              },
            ]
          }
        >
          <div
            className="css-text-901oao"
            dir="auto"
            style={
              Object {
                "color": "rgba(154,147,148,1.00)",
                "fontFamily": "Helvetica",
                "fontSize": "14px",
                "fontWeight": "400",
              }
            }
          >
            More
          </div>
        </Text>
      </Component>
    </Typography>
  </div>
  <AnimateHeight
    animateOpacity={false}
    animationStateClasses={
      Object {
        "animating": "rah-animating",
        "animatingDown": "rah-animating--down",
        "animatingToHeightAuto": "rah-animating--to-height-auto",
        "animatingToHeightSpecific": "rah-animating--to-height-specific",
        "animatingToHeightZero": "rah-animating--to-height-zero",
        "animatingUp": "rah-animating--up",
        "static": "rah-static",
        "staticHeightAuto": "rah-static--height-auto",
        "staticHeightSpecific": "rah-static--height-specific",
        "staticHeightZero": "rah-static--height-zero",
      }
    }
    applyInlineTransitions={true}
    delay={0}
    duration={250}
    easing="ease"
    height={0}
    style={Object {}}
  >
    <div
      aria-hidden={true}
      className="rah-static rah-static--height-zero"
      style={
        Object {
          "height": 0,
          "overflow": "hidden",
        }
      }
    >
      <div
        style={Object {}}
      >
        <div
          style={
            Object {
              "width": "100%",
            }
          }
        >
          <div>
            test
          </div>
        </div>
      </div>
    </div>
  </AnimateHeight>
</Expander>
`;
