// Jest Snapshot v1, https://goo.gl/fbAQLP

exports[`renders FormatWeight without crashing 1`] = `
<FormatWeight
  thousandSeparator={false}
  value={0}
>
  <NumberFormat
    allowEmptyFormatting={false}
    allowLeadingZeros={false}
    allowNegative={true}
    decimalScale={2}
    decimalSeparator="."
    displayType="text"
    fixedDecimalScale={false}
    getInputRef={[Function]}
    isAllowed={[Function]}
    isNumericString={false}
    onBlur={[Function]}
    onChange={[Function]}
    onFocus={[Function]}
    onKeyDown={[Function]}
    onMouseUp={[Function]}
    onValueChange={[Function]}
    prefix=""
    suffix=" lbs."
    thousandSeparator={true}
    thousandsGroupStyle="thousand"
    type="text"
    value={0}
  >
    <span>
      0 lbs.
    </span>
  </NumberFormat>
</FormatWeight>
`;
