// Jest Snapshot v1, https://goo.gl/fbAQLP

exports[`renders FormatPercent without crashing 1`] = `
<FormatPercent
  value={0}
/>
`;
