// Jest Snapshot v1, https://goo.gl/fbAQLP

exports[`Opacifier renders without crashing 1`] = `
<Opacifier>
  <div
    style={
      Object {
        "height": "initial",
        "overflowY": "scroll",
        "position": "relative",
      }
    }
  >
    <div
      style={
        Object {
          "background": "linear-gradient(0deg, rgba(250, 250, 250, 1) 0%, rgba(250, 250, 250, 0) 100%)",
          "bottom": 0,
          "height": "25%",
          "position": "sticky",
          "width": "100%",
        }
      }
    />
  </div>
</Opacifier>
`;
