// Jest Snapshot v1, https://goo.gl/fbAQLP

exports[`matches snapshot 1`] = `
<RenderBoolean
  value={true}
>
  <span>
    Yes
  </span>
</RenderBoolean>
`;
